BL51 BANKED LINKER/LOCATER V6.22.2.0                                                    10/03/2020  22:08:57  PAGE 1


BL51 BANKED LINKER/LOCATER V6.22.2.0, INVOKED BY:
D:\MAKER\KEIL5\C51\BIN\BL51.EXE .\Objects\main.obj TO .\Objects\test PRINT (.\Listings\test.m51)


MEMORY MODEL: SMALL


INPUT MODULES INCLUDED:
  .\Objects\main.obj (MAIN)
  D:\MAKER\KEIL5\C51\LIB\C51S.LIB (?C_STARTUP)
  D:\MAKER\KEIL5\C51\LIB\C51S.LIB (?C?SIDIV)
  D:\MAKER\KEIL5\C51\LIB\C51S.LIB (?C?SLCMP)
  D:\MAKER\KEIL5\C51\LIB\C51S.LIB (?C_INIT)
  D:\MAKER\KEIL5\C51\LIB\C51S.LIB (?C?UIDIV)


LINK MAP OF MODULE:  .\Objects\test (MAIN)


            TYPE    BASE      LENGTH    RELOCATION   SEGMENT NAME
            -----------------------------------------------------

            * * * * * * *   D A T A   M E M O R Y   * * * * * * *
            REG     0000H     0008H     ABSOLUTE     "REG BANK 0"
            DATA    0008H     0066H     UNIT         ?DT?MAIN
            IDATA   006EH     0001H     UNIT         ?STACK

            * * * * * * *   C O D E   M E M O R Y   * * * * * * *
            CODE    0000H     0003H     ABSOLUTE     
            CODE    0003H     0005H     UNIT         ?C_INITSEG
                    0008H     0003H                  *** GAP ***
            CODE    000BH     0003H     ABSOLUTE     
            CODE    000EH     011BH     UNIT         ?PR?MAIN?MAIN
            CODE    0129H     00A1H     UNIT         ?C?LIB_CODE
            CODE    01CAH     008CH     UNIT         ?C_C51STARTUP
            CODE    0256H     0030H     UNIT         ?PR?TIMER_1S?MAIN
            CODE    0286H     0020H     UNIT         ?PR?DELAY_5MS?MAIN
            CODE    02A6H     0010H     UNIT         ?CO?MAIN



OVERLAY MAP OF MODULE:   .\Objects\test (MAIN)


SEGMENT
  +--> CALLED SEGMENT
---------------------
?C_C51STARTUP
  +--> ?PR?MAIN?MAIN
  +--> ?C_INITSEG

?PR?MAIN?MAIN
  +--> ?CO?MAIN
  +--> ?PR?DELAY_5MS?MAIN



SYMBOL TABLE OF MODULE:  .\Objects\test (MAIN)
BL51 BANKED LINKER/LOCATER V6.22.2.0                                                  10/03/2020  22:08:57  PAGE 2



  VALUE           TYPE          NAME
  ----------------------------------

  -------         MODULE        MAIN
  C:0000H         SYMBOL        _ICE_DUMMY_
  D:0080H         PUBLIC        P0
  D:0090H         PUBLIC        P1
  B:00A8H.7       PUBLIC        EA
  C:028AH         PUBLIC        delay_5ms
  C:02B0H         PUBLIC        number
  D:0008H         PUBLIC        a1
  C:000EH         PUBLIC        main
  C:0256H         PUBLIC        timer_1s
  C:02A6H         PUBLIC        disp
  D:0089H         PUBLIC        TMOD
  B:00A8H.1       PUBLIC        ET0
  B:0088H.7       PUBLIC        TF1
  D:008CH         PUBLIC        TH0
  D:008DH         PUBLIC        TH1
  D:008AH         PUBLIC        TL0
  D:008BH         PUBLIC        TL1
  B:0088H.4       PUBLIC        TR0
  B:0088H.6       PUBLIC        TR1
  D:006CH         PUBLIC        a
  -------         PROC          MAIN
  C:000EH         LINE#         26
  C:000EH         LINE#         27
  C:000EH         LINE#         28
  C:0011H         LINE#         29
  C:0014H         LINE#         30
  C:0017H         LINE#         31
  C:0019H         LINE#         32
  C:001BH         LINE#         33
  C:001DH         LINE#         34
  C:001DH         LINE#         35
  C:001DH         LINE#         36
  C:003AH         LINE#         37
  C:003AH         LINE#         38
  C:0053H         LINE#         39
  C:0056H         LINE#         40
  C:0059H         LINE#         41
  C:005CH         LINE#         42
  C:007BH         LINE#         43
  C:007EH         LINE#         44
  C:0081H         LINE#         45
  C:0084H         LINE#         46
  C:00A3H         LINE#         47
  C:00A6H         LINE#         48
  C:00A9H         LINE#         49
  C:00ACH         LINE#         50
  C:00CBH         LINE#         51
  C:00CEH         LINE#         52
  C:00D1H         LINE#         53
  C:00D4H         LINE#         54
  C:00F4H         LINE#         55
  C:00F7H         LINE#         56
BL51 BANKED LINKER/LOCATER V6.22.2.0                                                  10/03/2020  22:08:57  PAGE 3


  C:00FAH         LINE#         57
  C:00FDH         LINE#         58
  C:011DH         LINE#         59
  C:0120H         LINE#         60
  C:0123H         LINE#         61
  C:0126H         LINE#         62
  -------         ENDPROC       MAIN
  -------         PROC          TIMER_1S
  -------         DO            
  D:0006H         SYMBOL        j
  -------         ENDDO         
  C:0256H         LINE#         82
  C:0261H         LINE#         84
  C:0264H         LINE#         85
  C:0269H         LINE#         86
  C:026CH         LINE#         87
  C:026FH         LINE#         88
  C:0275H         LINE#         89
  C:0275H         LINE#         90
  C:0275H         LINE#         91
  C:027DH         LINE#         92
  C:027DH         LINE#         93
  -------         ENDPROC       TIMER_1S
  C:0286H         SYMBOL        L?0018
  -------         PROC          L?0017
  -------         ENDPROC       L?0017
  C:0286H         SYMBOL        L?0018
  -------         PROC          DELAY_5MS
  -------         DO            
  D:0006H         SYMBOL        i
  -------         ENDDO         
  C:028AH         LINE#         95
  C:028AH         LINE#         96
  C:028AH         LINE#         98
  C:028DH         LINE#         99
  C:028DH         LINE#         100
  C:0290H         LINE#         101
  C:0293H         LINE#         102
  C:0295H         LINE#         103
  C:0298H         LINE#         104
  C:029AH         LINE#         105
  C:02A5H         LINE#         106
  -------         ENDPROC       DELAY_5MS
  -------         ENDMOD        MAIN

  -------         MODULE        ?C?SIDIV
  C:0129H         PUBLIC        ?C?SIDIV
  -------         ENDMOD        ?C?SIDIV

  -------         MODULE        ?C?SLCMP
  C:015FH         PUBLIC        ?C?SLCMP
  -------         ENDMOD        ?C?SLCMP

  -------         MODULE        ?C?UIDIV
  C:0175H         PUBLIC        ?C?UIDIV
  -------         ENDMOD        ?C?UIDIV

BL51 BANKED LINKER/LOCATER V6.22.2.0                                                  10/03/2020  22:08:57  PAGE 4


Program Size: data=111.0 xdata=0 code=691
LINK/LOCATE RUN COMPLETE.  0 WARNING(S),  0 ERROR(S)
